// Jest Snapshot v1, https://goo.gl/fbAQLP

exports[`Renderer should render 1`] = `
<DocumentFragment>
  <div
    class="renderer"
  >
    <p
      data-testid="paragraph"
    >
      hello world
    </p>
  </div>
</DocumentFragment>
`;
