// Jest Snapshot v1, https://goo.gl/fbAQLP

exports[`Navbar should render 1`] = `
<DocumentFragment>
  <div>
    navbar
  </div>
</DocumentFragment>
`;
