// Jest Snapshot v1, https://goo.gl/fbAQLP

exports[`ButtonCopy should render 1`] = `
<DocumentFragment>
  <button
    class="flex items-center"
    type="button"
  >
    <span
      class="sr-only"
    >
      Copy to clipboard
    </span>
    <svg
      class="text-secondary-200 hover:text-white transition"
      height="16"
      viewBox="0 0 64 64"
      width="16"
      xmlns="http://www.w3.org/2000/svg"
    >
      <g
        transform="rotate(.045) scale(4.57143)"
      >
        <rect
          fill="none"
          height="10.5"
          rx="1"
          stroke="currentColor"
          stroke-linecap="round"
          stroke-linejoin="round"
          width="10.5"
          x=".5"
          y=".5"
        />
        <path
          d="M13.5 3.5v9a1 1 0 0 1-1 1h-9"
          fill="none"
          stroke="currentColor"
          stroke-linecap="round"
          stroke-linejoin="round"
        />
      </g>
    </svg>
  </button>
</DocumentFragment>
`;
