// Jest Snapshot v1, https://goo.gl/fbAQLP

exports[`Terminal should render 1`] = `
<DocumentFragment>
  <p>
    Terminal
  </p>
</DocumentFragment>
`;
