// Jest Snapshot v1, https://goo.gl/fbAQLP

exports[`Footer should render 1`] = `
<DocumentFragment>
  <footer
    class="bg-secondary-800 py-10"
  >
    <div
      class="container mx-auto px-4"
    >
      <div
        class="flex flex-col space-y-10 tablet:flex-row tablet:space-y-0 tablet:justify-between"
      >
        <div>
          <div
            class="flex items-center mb-4"
          >
            <span
              style="box-sizing: border-box; display: inline-block; overflow: hidden; background: none; opacity: 1; border: 0px; margin: 0px; padding: 0px; position: relative; max-width: 100%;"
            >
              <span
                style="box-sizing: border-box; display: block; background: none; opacity: 1; border: 0px; margin: 0px; padding: 0px; max-width: 100%;"
              >
                <img
                  alt=""
                  aria-hidden="true"
                  src="data:image/svg+xml,%3csvg%20xmlns=%27http://www.w3.org/2000/svg%27%20version=%271.1%27%20width=%2732%27%20height=%2732%27/%3e"
                  style="display: block; max-width: 100%; background: none; opacity: 1; border: 0px; margin: 0px; padding: 0px;"
                />
              </span>
              <img
                alt="Logo"
                data-nimg="intrinsic"
                decoding="async"
                src="data:image/gif;base64,R0lGODlhAQABAIAAAAAAAP///yH5BAEAAAAALAAAAAABAAEAAAIBRAA7"
                style="position: absolute; top: 0px; left: 0px; bottom: 0px; right: 0px; box-sizing: border-box; padding: 0px; margin: auto; display: block; width: 0px; height: 0px; min-width: 100%; max-width: 100%; min-height: 100%; max-height: 100%;"
              />
              <noscript />
            </span>
            <h3>
              Peque
            </h3>
          </div>
          <ul
            class="space-y-2"
          >
            <li>
              <a
                class="link text-base"
                href="https://github.com/pequehq"
              >
                Peque on GitHub
              </a>
            </li>
            <li>
              <a
                class="link text-base"
                href="#"
              >
                Become a sponsor
              </a>
            </li>
            <li>
              <a
                class="link text-base"
                href="#"
              >
                Enterprise support
              </a>
            </li>
            <li>
              <a
                class="link text-base"
                href="#"
              >
                Credits
              </a>
            </li>
          </ul>
        </div>
        <div
          class="grid grid-cols-2 laptop:grid-cols-4 gap-6"
        >
          <div
            class="flex flex-col"
          >
            <h3
              class="text-base font-semibold mb-2"
            >
              Framework
            </h3>
            <ul
              class="space-y-1"
            >
              <li>
                <a
                  class="link text-sm"
                  href="https://github.com/pequehq/framework/releases"
                >
                  Releases
                </a>
              </li>
              <li>
                <a
                  class="link text-sm"
                  href="https://github.com/pequehq/framework/issues"
                >
                  Report an issue
                </a>
              </li>
              <li>
                <a
                  class="link text-sm"
                  href="https://github.com/pequehq/framework/blob/main/LICENSE"
                >
                  License
                </a>
              </li>
            </ul>
          </div>
          <div
            class="flex flex-col"
          >
            <h3
              class="text-base font-semibold mb-2"
            >
              GraphQL
            </h3>
            <ul
              class="space-y-1"
            >
              <li>
                <a
                  class="link text-sm"
                  href="https://github.com/pequehq/graphql/releases"
                >
                  Releases
                </a>
              </li>
              <li>
                <a
                  class="link text-sm"
                  href="https://github.com/pequehq/graphql/issues"
                >
                  Report an issue
                </a>
              </li>
              <li>
                <a
                  class="link text-sm"
                  href="https://github.com/pequehq/graphql/blob/main/LICENSE"
                >
                  License
                </a>
              </li>
            </ul>
          </div>
          <div
            class="flex flex-col"
          >
            <h3
              class="text-base font-semibold mb-2"
            >
              IoC Container
            </h3>
            <ul
              class="space-y-1"
            >
              <li>
                <a
                  class="link text-sm"
                  href="https://github.com/pequehq/di/releases"
                >
                  Releases
                </a>
              </li>
              <li>
                <a
                  class="link text-sm"
                  href="https://github.com/pequehq/di/issues"
                >
                  Report an issue
                </a>
              </li>
              <li>
                <a
                  class="link text-sm"
                  href="https://github.com/pequehq/di/blob/main/LICENSE"
                >
                  License
                </a>
              </li>
            </ul>
          </div>
          <div
            class="flex flex-col"
          >
            <h3
              class="text-base font-semibold mb-2"
            >
              Message Broker
            </h3>
            <ul
              class="space-y-1"
            >
              <li>
                <a
                  class="link text-sm"
                  href="https://github.com/pequehq/smb/releases"
                >
                  Releases
                </a>
              </li>
              <li>
                <a
                  class="link text-sm"
                  href="https://github.com/pequehq/smb/issues"
                >
                  Report an issue
                </a>
              </li>
              <li>
                <a
                  class="link text-sm"
                  href="https://github.com/pequehq/smb/blob/main/LICENSE"
                >
                  License
                </a>
              </li>
            </ul>
          </div>
        </div>
      </div>
      <div
        class="text-center mt-8"
      >
        <p>
          Peque packages are open source and released under the Apache 2.0 License.
        </p>
      </div>
      <div
        class="flex flex-col text-center items-center mt-8 space-y-2 text-sm"
      >
        <p
          class="flex items-center"
        >
          <span
            class="mr-1"
          >
            Website hosted by
          </span>
          <a
            class="flex"
            href="https://vercel.com"
            rel="noreferrer"
            target="_blank"
          >
            <span
              style="box-sizing: border-box; display: inline-block; overflow: hidden; background: none; opacity: 1; border: 0px; margin: 0px; padding: 0px; position: relative; max-width: 100%;"
            >
              <span
                style="box-sizing: border-box; display: block; background: none; opacity: 1; border: 0px; margin: 0px; padding: 0px; max-width: 100%;"
              >
                <img
                  alt=""
                  aria-hidden="true"
                  src="data:image/svg+xml,%3csvg%20xmlns=%27http://www.w3.org/2000/svg%27%20version=%271.1%27%20width=%2770%27%20height=%2715%27/%3e"
                  style="display: block; max-width: 100%; background: none; opacity: 1; border: 0px; margin: 0px; padding: 0px;"
                />
              </span>
              <img
                alt="Vercel"
                data-nimg="intrinsic"
                decoding="async"
                src="data:image/gif;base64,R0lGODlhAQABAIAAAAAAAP///yH5BAEAAAAALAAAAAABAAEAAAIBRAA7"
                style="position: absolute; top: 0px; left: 0px; bottom: 0px; right: 0px; box-sizing: border-box; padding: 0px; margin: auto; display: block; width: 0px; height: 0px; min-width: 100%; max-width: 100%; min-height: 100%; max-height: 100%;"
              />
              <noscript />
            </span>
          </a>
        </p>
        <p>
          Copyright Â© 2022 Peque. All rights reserved.
        </p>
      </div>
    </div>
  </footer>
</DocumentFragment>
`;
