// Jest Snapshot v1, https://goo.gl/fbAQLP

exports[`FeatureCard should render 1`] = `
<DocumentFragment>
  <p>
    FeatureCard
  </p>
</DocumentFragment>
`;
